	COMPUTER        TLX             001-1224-9      001-1224-19     CUSTOMER        REMARKS
	SERIAL NO.      SERIAL NO.      VERSION NO.     VERSION NO.
	---------------------------------------------------------------------------------------
	007             007             01              N/A             FI
	008             008             01              N/A             FI
	009             009             04              04              FI
	010xxxxxxxxxxxxx011xxxxxxxxxxxxx04xxxxxxxxxxxxxx04xxxxxxxxxxxxxxFIxxxxxxxxxxxxxxUPDATE _ FIX TO COMPUTET COVER 27MAR92
	010             011             02              n/a             FI              removed version 4 and re-installed ver 2 28aug92
	011             012             04              04              FI              UPDATE _ FIX TO COMPUTER COVER
	012xxxxxxxxxxxxx011xxxxxxxxxxxxx03xxxxxxxxxxxxxx03xxxxxxxxxxxxxxFIxxxxxxxxxxxxxxEXPERIMENTAL - FOR ISRAEL
	012             011             04              04              FI              UPADTE _ FIX TO COMPUTER COVER
	013             013             04              04              FI
	014             014             01              N/A             FI
	015             015             01              N/A             FI
	016             016             01              N/A             FI
	017             017             01              N/A             FI
	018             018             01              N/A             FI
	019             019             02              N/A             FI
	020             020             02              N/A             FI
	021             021             02              N/A
	022             022             02              N/A
	023             023             02              N/A
	024             024             02              N/A
	025             025             02              N/A
	026             026             02              N/A
	027             027             02              N/A
	028             028             02              N/A
	029             029             02              N/A
	030             030             02              N/A
	031             031             02              N/A
	032             032             02              N/A
	033             033             02              N/A
	034             034             02              N/A
	035             035             02              N/A
	036             036             02              N/A
	037             037             02              N/A
	038             038             02              N/A
	039             039             02              N/A
	040             040             02              N/A
	041             041             02              N/A
	042             042             02              N/A
	043             043             02              N/A
	044             044             02              N/A
	045             045             02              N/A
	046             046             02              N/A
	047             047             02              N/A
	048             048             02              N/A
	049             049             02              N/A
	050             050             04              04              FI              UPDATE _ FIX TO COMPUTER COVER
	051             051             02              N/A
	052             052             02              02              
	053             053             02              02              
	054             054             04              04              ENG TLX With New Alt
